[backblue.gif]
[fade.gif]
[index.html]
[www.vrlgroup.in/v4_images/logoicon.png]
[www.vrlgroup.in/assets/vendor/bootstrap/css/bootstrap.min.css]
[www.vrlgroup.in/assets/vendor/icofont/icofont.min.css]
[www.vrlgroup.in/assets/vendor/boxicons/css/boxicons.min.css]
[www.vrlgroup.in/v4_images/VRLLOGO.svg]
[www.vrlgroup.in/v4_images/WEB--IMG_6638.jpg]
[www.vrlgroup.in/v4_images/VRLPOP-1.png]
[www.vrlgroup.in/v4_images/VRLPOP-2.png]
[www.vrlgroup.in/v4_images/VRLPOP-3.png]
[www.vrlgroup.in/v4_images/cmd_sir_desk.jpg]
[www.vrlgroup.in/v4_images/cmd_index.jpg]
[www.vrlgroup.in/v4_images/md_index.jpg]
[connect.facebook.net/en_US/sdk.js]
[www.vrlgroup.in/v4_images/DVA.png]
[www.vrlgroup.in/assets/vendor/jquery/jquery.min.js]
[www.vrlgroup.in/assets/vendor/jquery.easing/jquery.easing.min.js]
[www.vrlgroup.in/assets/vendor/php-email-form/validate.js]
[www.vrlgroup.in/assets/vendor/waypoints/jquery.waypoints.min.js]
[www.vrlgroup.in/assets/vendor/bootstrap/js/bootstrap.bundle.min.js]
[www.vrlgroup.in/assets/vendor/counterup/counterup.min.js]
[www.vrlgroup.in/assets/vendor/venobox/venobox.min.js]
[www.vrlgroup.in/assets/vendor/isotope-layout/isotope.pkgd.min.js]
[www.vrlgroup.in/assets/js/main.js]
[www.vrlgroup.in/index.html]
[www.vrlgroup.in/assets/vendor/bootstrap/css/bootstrap.min.css]
[www.vrlgroup.in/assets/vendor/owl.carousel/owl.carousel.min.js]
[www.vrlgroup.in/assets/vendor/icofont/fonts/icofont.woff2]
[www.vrlgroup.in/assets/vendor/icofont/fonts/icofont.woff]
[www.vrlgroup.in/assets/vendor/icofont/icofont.min.css]
[www.vrlgroup.in/assets/vendor/boxicons/fonts/boxicons.eot]
[www.vrlgroup.in/assets/vendor/boxicons/fonts/boxicons.woff2]
[www.vrlgroup.in/assets/vendor/boxicons/fonts/boxicons.woff]
[www.vrlgroup.in/assets/vendor/boxicons/fonts/boxicons.ttf]
[www.vrlgroup.in/assets/vendor/boxicons/css/boxicons.min.css]
[www.vrlgroup.in/assets/css/style76ce.css]
[www.vrlgroup.in/vrl_group_home.html]
[www.vrlgroup.in/v4_images/VRLLOGO.svg]
[www.vrlgroup.in/v4_images/bg_index.jpg]
[www.vrlgroup.in/our_history.html]
[www.vrlgroup.in/our_mission_vision.html]
[www.vrlgroup.in/v4_images/bod/cmd.jpg]
[www.vrlgroup.in/v4_images/bod/md.jpg]
[www.vrlgroup.in/v4_images/bod/K_N_Umesh.jpg]
[www.vrlgroup.in/v4_images/bod/Bhat_Sir.jpg]
[www.vrlgroup.in/v4_images/bod/Prabhakar_Kore.jpg]
[www.vrlgroup.in/v4_images/bod/Medha_Pawar.jpg]
[www.vrlgroup.in/v4_images/bod/Anand_Pandurangi.jpg]
[www.vrlgroup.in/v4_images/bod/Raghottam_Akamanchi.jpg]
[www.vrlgroup.in/v4_images/bod/SVLadwa.jpg]
[www.vrlgroup.in/v4_images/bod/Ashok_Shetter.jpg]
[www.vrlgroup.in/v4_images/bod/Smriti_Bellad.jpg]
[www.vrlgroup.in/v4_images/bod/Gurudas_Narekuli.png]
[www.vrlgroup.in/directors.html]
[www.vrlgroup.in/vrl_logistics_service.html]
[www.vrlgroup.in/v4_images/vrl_travels.jpg]
[www.vrlgroup.in/vrl_travels_service.html]
[www.vrlgroup.in/v4_images/vrl_air_charter.jpg]
[www.vrlgroup.in/vrl_air_service.html]
[www.vrlgroup.in/vrl_other_service.html]
[www.vrlgroup.in/v4_images/investor_desk.jpg]
[www.vrlgroup.in/investor_download/Terms of Appointment of Independent Director_2.pdf]
[www.vrlgroup.in/investor_download/Information to Physical Shareholders.pdf]
[www.vrlgroup.in/investor_download/buy_back_2021.pdf]
[www.vrlgroup.in/investor_download/Familiarisation Programme for Independent Directors.pdf]
[www.vrlgroup.in/investor_download/2018_19_q1_trasfer_share_restriction.pdf]
[www.vrlgroup.in/vrl_investors_desk.html]
[www.vrlgroup.in/v4_images/contact_us.jpg]
[www.vrlgroup.in/contact_us.html]
[www.vrlgroup.in/auto_pick_js/actb.js]
[www.vrlgroup.in/auto_pick_js/actb_common.js]
[www.vrlgroup.in/auto_pick_js/actb_valid.js]
[www.vrlgroup.in/vrl_branch_list.html]
[www.vrlgroup.in/track_consignment.html]
[www.vrlgroup.in/v4_images/VRL-Truck.svg]
[www.vrlgroup.in/v4_images/VRL-FLIGHT.svg]
[connect.facebook.net/en_US/sdk.js]
[www.vrlgroup.in/GST_DETAILS/ANDHRA PRADESH.pdf]
[www.vrlgroup.in/GST_DETAILS/ASSAM.pdf]
[www.vrlgroup.in/GST_DETAILS/BIHAR.pdf]
[www.vrlgroup.in/GST_DETAILS/CHANDIGARH.pdf]
[www.vrlgroup.in/GST_DETAILS/CHHATTISGARH.pdf]
[www.vrlgroup.in/GST_DETAILS/DAMAN AND DIU DADRA AND NAGAR HAVALI.pdf]
[www.vrlgroup.in/GST_DETAILS/DELHI.pdf]
[www.vrlgroup.in/GST_DETAILS/GOA.pdf]
[www.vrlgroup.in/GST_DETAILS/GUJARAT.pdf]
[www.vrlgroup.in/GST_DETAILS/HARYANA.pdf]
[www.vrlgroup.in/GST_DETAILS/HIMACHAL PRADESH.pdf]
[www.vrlgroup.in/GST_DETAILS/JAMMU AND KASHMIR.pdf]
[www.vrlgroup.in/GST_DETAILS/JHARKHAND.pdf]
[www.vrlgroup.in/GST_DETAILS/KARNATAKA.pdf]
[www.vrlgroup.in/GST_DETAILS/KERLA.pdf]
[www.vrlgroup.in/GST_DETAILS/LADAKH.pdf]
[www.vrlgroup.in/GST_DETAILS/MADHYA PRADESH.pdf]
[www.vrlgroup.in/GST_DETAILS/MAHARASHTRA.pdf]
[www.vrlgroup.in/GST_DETAILS/MEGHALAYA.pdf]
[www.vrlgroup.in/GST_DETAILS/ODISHA.pdf]
[www.vrlgroup.in/GST_DETAILS/PONDICHERY.pdf]
[www.vrlgroup.in/GST_DETAILS/PUNJAB.pdf]
[www.vrlgroup.in/GST_DETAILS/RAJASTHAN.pdf]
[www.vrlgroup.in/GST_DETAILS/TAMIL NADU.pdf]
[www.vrlgroup.in/GST_DETAILS/TELANGANA.pdf]
[www.vrlgroup.in/GST_DETAILS/TRIPURA.pdf]
[www.vrlgroup.in/GST_DETAILS/UTTARAKHAND.pdf]
[www.vrlgroup.in/GST_DETAILS/UTTAR PRADESH.pdf]
[www.vrlgroup.in/GST_DETAILS/WEST BENGAL.pdf]
[www.vrlgroup.in/gst_forms.html]
[www.vrlgroup.in/vrl_terms_and_conditions.html]
[www.vrlgroup.in/VAT Forms.html]
[www.vrlgroup.in/vigil_policy.html]
[www.vrlgroup.in/assets/vendor/boxicons/fonts/boxiconsd41d.svg]
[www.vrlgroup.in/vrl_investors_desk1b31.html]
[www.vrlgroup.in/investor_download/1st_quarter_30th_June_2023.pdf]
[www.vrlgroup.in/investor_download/FY_22_23_and_4th_quarter_31st_March_2023.pdf]
[www.vrlgroup.in/investor_download/Quarter_and_half_year_ended_31ST_December_2022.pdf]
[www.vrlgroup.in/investor_download/Quarter_and_half_year_ended_30th_September2022.pdf]
[www.vrlgroup.in/investor_download/2022_23_q1_result.pdf]
[www.vrlgroup.in/investor_download/2021_22_q4.pdf]
[www.vrlgroup.in/investor_download/2021_22_q3.pdf]
[www.vrlgroup.in/investor_download/2021_22_q2_result.pdf]
[www.vrlgroup.in/investor_download/2021_22_q1_result.pdf]
[www.vrlgroup.in/investor_download/2020_21_q4.pdf]
[www.vrlgroup.in/investor_download/2020_21_q3.pdf]
[www.vrlgroup.in/investor_download/2020_21_q2.pdf]
[www.vrlgroup.in/investor_download/2020_21_q1.pdf]
[www.vrlgroup.in/investor_download/2019_20_q4.pdf]
[www.vrlgroup.in/investor_download/2019_20_q3.pdf]
[www.vrlgroup.in/investor_download/2019_20_q2.pdf]
[www.vrlgroup.in/investor_download/2019_20_q1.pdf]
[www.vrlgroup.in/investor_download/2018_19_q4.pdf]
[www.vrlgroup.in/investor_download/2018_19_q3.pdf]
[www.vrlgroup.in/investor_download/2018_19_q2.pdf]
[www.vrlgroup.in/investor_download/2018_19_q1.pdf]
[www.vrlgroup.in/investor_download/2017_18_q4.pdf]
[www.vrlgroup.in/investor_download/2017_18_q3.pdf]
[www.vrlgroup.in/investor_download/2017_18_q2.pdf]
[www.vrlgroup.in/investor_download/2017_18_q1.pdf]
[www.vrlgroup.in/investor_download/2016_17_q4.pdf]
[www.vrlgroup.in/investor_download/2016_17_q3.pdf]
[www.vrlgroup.in/investor_download/2016_17_q2.pdf]
[www.vrlgroup.in/investor_download/2016_17_q1.pdf]
[www.vrlgroup.in/investor_download/Audited Financial Results for FY 2015-16.pdf]
[www.vrlgroup.in/investor_download/2015_16_q3.pdf]
[www.vrlgroup.in/investor_download/2015_16_q2.pdf]
[www.vrlgroup.in/investor_download/2015_16_q1.pdf]
[www.vrlgroup.in/investor_download/standalone audit financial result_14_15.pdf]
[www.vrlgroup.in/vrl_investors_desk7e72.html]
[www.vrlgroup.in/investor_download/VRL Annual Report 2022-23.pdf]
[www.vrlgroup.in/investor_download/VRL Annual Report 2021-22.pdf]
[www.vrlgroup.in/investor_download/VRL Annual Report 2020-21.pdf]
[www.vrlgroup.in/investor_download/VRL Annual Report 2019-20.pdf]
[www.vrlgroup.in/investor_download/VRL Annual Report 2018-19.pdf]
[www.vrlgroup.in/investor_download/VRL Annual Report 2017-18.pdf]
[www.vrlgroup.in/investor_download/VRL Annual Report 2016-17.pdf]
[www.vrlgroup.in/investor_download/VRL Annual Report 2015-16.pdf]
[www.vrlgroup.in/investor_download/VRL Annual Report 2014-15.pdf]
[www.vrlgroup.in/investor_download/VRL Annual Report 2013-14.pdf]
[www.vrlgroup.in/investor_download/VRL Annual Report 2012-13.pdf]
[www.vrlgroup.in/investor_download/VRL Annual Report 2011-12.pdf]
[www.vrlgroup.in/investor_download/VRL Annual Report 2010_11.pdf]
[www.vrlgroup.in/vrl_investors_deskcb7b.html]
[www.vrlgroup.in/vrl_investors_desk14a9.html]
[www.vrlgroup.in/investor_download/Policy_on_Dividend_Distribution.pdf]
[www.vrlgroup.in/investor_download/Policy on preservation of documents - final.docx]
[www.vrlgroup.in/investor_download/Policy for disclosure requirements - final.docx]
[www.vrlgroup.in/investor_download/Insider Trading Regulation Policy APRIL 2019.pdf]
[www.vrlgroup.in/investor_download/CSR POLICY.pdf]
[www.vrlgroup.in/investor_download/Nomination_Remuneration Policy.pdf]
[www.vrlgroup.in/investor_download/Risk Management Policy_14_06_2023.pdf]
[www.vrlgroup.in/investor_download/Policy_on_Related_Party_Transactions.pdf]
[www.vrlgroup.in/investor_download/vigil_Mechanism.pdf]
[www.vrlgroup.in/investor_download/Code_of_Conduct.pdf]
[www.vrlgroup.in/vrl_investors_desk660b.html]
[www.vrlgroup.in/investor_download/2023_24_Q1_CGREPORT.pdf]
[www.vrlgroup.in/investor_download/Q3_2022_23_CGReport.pdf]
[www.vrlgroup.in/investor_download/Q2_2022_23_CGReport.pdf]
[www.vrlgroup.in/investor_download/Q1_2022_23_CGReport.pdf]
[www.vrlgroup.in/investor_download/Q4_2021_22_CGReport.pdf]
[www.vrlgroup.in/investor_download/Q3_2021_22_CGReport.pdf]
[www.vrlgroup.in/investor_download/Q2_2021_22_CGReport.pdf]
[www.vrlgroup.in/investor_download/Q1_2021_22_CGReport.pdf]
[www.vrlgroup.in/investor_download/Q4_2020_21_CGReport.pdf]
[www.vrlgroup.in/investor_download/Q3_2020_21_CGReport.pdf]
[www.vrlgroup.in/investor_download/Q2_2020_21_CGReport.pdf]
[www.vrlgroup.in/investor_download/Q1_2020_21_CGReport.pdf]
[www.vrlgroup.in/investor_download/Q4_2019_20_CGReport.pdf]
[www.vrlgroup.in/investor_download/Q3_2019_20_CGReport.pdf]
[www.vrlgroup.in/vrl_investors_desk0a67.html]
[www.vrlgroup.in/vrl_investors_deskb5a7.html]
[www.vrlgroup.in/vrl_investors_desk7509.html]
[www.vrlgroup.in/vrl_investors_deske3ee.html]
[www.vrlgroup.in/vrl_investors_desk7999.html]
[www.vrlgroup.in/vrl_investors_desk85fc.html]
[www.vrlgroup.in/investor_download/Presentation_q1_23_24.pdf]
[www.vrlgroup.in/investor_download/Presentation_Q4_22_23.pdf]
[www.vrlgroup.in/investor_download/Presentation_Q3_22_23.pdf]
[www.vrlgroup.in/investor_download/Presentation_Q2_22_23.pdf]
[www.vrlgroup.in/investor_download/Presentation_q1_22_23.pdf]
[www.vrlgroup.in/investor_download/Presentation_q4_21_22.pdf]
[www.vrlgroup.in/investor_download/Presentation_q3_21_20.pdf]
[www.vrlgroup.in/investor_download/Presentation_q2_21_20.pdf]
[www.vrlgroup.in/investor_download/Presentation_q1_21_20.pdf]
[www.vrlgroup.in/investor_download/Presentation_q4_20_21.pdf]
[www.vrlgroup.in/investor_download/Presentation_q3_20_21.pdf]
[www.vrlgroup.in/investor_download/Presentation_q2_20_21.pdf]
[www.vrlgroup.in/investor_download/Presentation_q1_20_21.pdf]
[www.vrlgroup.in/investor_download/Presentation_q4_19_20.pdf]
[www.vrlgroup.in/investor_download/Presentation_q3_19_20.pdf]
[www.vrlgroup.in/investor_download/Presentation_q2_19_20.pdf]
[www.vrlgroup.in/investor_download/Presentation_q1_19_20.pdf]
[www.vrlgroup.in/investor_download/Presentation_q4_18_197aca.pdf]
[www.vrlgroup.in/investor_download/Presentation_q3_18_19.pdf]
[www.vrlgroup.in/investor_download/Presentation_q2_18_19.pdf]
[www.vrlgroup.in/investor_download/Presentation_q1_18_19.pdf]
[www.vrlgroup.in/investor_download/Presentation_q4_17_18.pdf]
[www.vrlgroup.in/investor_download/Presentation_q3_17_18.pdf]
[www.vrlgroup.in/investor_download/Presentation_q2_17_18.pdf]
[www.vrlgroup.in/investor_download/Presentation_q1_17_18.pdf]
[www.vrlgroup.in/investor_download/Presentation_q4_16_17.pdf]
[www.vrlgroup.in/investor_download/Presentation_q3_16_17.pdf]
[www.vrlgroup.in/investor_download/Presentation_q2_16_17.pdf]
[www.vrlgroup.in/investor_download/Presentation_q1_16_17.pdf]
[www.vrlgroup.in/investor_download/Presentation_q4_15_16.pdf]
[www.vrlgroup.in/investor_download/Presentation_q3_15_16.pdf]
[www.vrlgroup.in/investor_download/Presentation_q2_15_16.pdf]
[www.vrlgroup.in/investor_download/Presentation_q1_15_16.pdf]
[www.vrlgroup.in/vrl_investors_desk2ec3.html]
[www.vrlgroup.in/investor_download/Q1_2023_24_share_holding_pattern.pdf]
[www.vrlgroup.in/investor_download/Q4_2022_23_share_holding_pattern.pdf]
[www.vrlgroup.in/investor_download/Q3_2022_23_share_holding_pattern.pdf]
[www.vrlgroup.in/investor_download/Q2_2022_23_share_holding_pattern.pdf]
[www.vrlgroup.in/investor_download/Q1_2022_23_share_holding_pattern.pdf]
[www.vrlgroup.in/investor_download/Q4_2021_22_share_holding_pattern.pdf]
[www.vrlgroup.in/investor_download/Q3_2021_22_share_holding_pattern.pdf]
[www.vrlgroup.in/investor_download/Q2_2021_22_share_holding_pattern.pdf]
[www.vrlgroup.in/investor_download/Q1_2021_22_share_holding_pattern.pdf]
[www.vrlgroup.in/investor_download/Q4_2020_21_share_holding_pattern.pdf]
[www.vrlgroup.in/investor_download/Q3_2020_21_share_holding_pattern.pdf]
[www.vrlgroup.in/investor_download/Q2_2020_21_share_holding_pattern.pdf]
[www.vrlgroup.in/investor_download/Q1_2020_21_share_holding_pattern.pdf]
[www.vrlgroup.in/investor_download/Q4_2019_20_share_holding_pattern.pdf]
[www.vrlgroup.in/investor_download/Q3_2019_20_share_holding_pattern.pdf]
[www.vrlgroup.in/investor_download/Q2_2019_20_share_holding_pattern.pdf]
[www.vrlgroup.in/investor_download/Q1_2019_20_share_holding_pattern.pdf]
[www.vrlgroup.in/investor_download/Q4_2018_19_share_holding_pattern.pdf]
[www.vrlgroup.in/investor_download/Q3_2018_19_share_holding_pattern.pdf]
[www.vrlgroup.in/investor_download/Q2_2018_19_share_holding_pattern.pdf]
[www.vrlgroup.in/investor_download/Q1_2018_19_share_holding_pattern.pdf]
[www.vrlgroup.in/investor_download/Q4_2017_18_share_holding_pattern.pdf]
[www.vrlgroup.in/investor_download/Q3_2017_18_share_holding_pattern.pdf]
[www.vrlgroup.in/investor_download/Q2_2017_18_share_holding_pattern.pdf]
[www.vrlgroup.in/investor_download/Q1_2017_18_share_holding_pattern.pdf]
[www.vrlgroup.in/investor_download/Q4_2016_17_share_holding_pattern.pdf]
[www.vrlgroup.in/investor_download/Q2_2016_17_share_holding_pattern.pdf]
[www.vrlgroup.in/investor_download/Q1_2016_17_share_holding_pattern.pdf]
[www.vrlgroup.in/investor_download/VRL Logistics Limited - Shareholding Pattern as on 31st march 2016.pdf]
[www.vrlgroup.in/investor_download/VRL Logistics Limited - Shareholding Pattern for quarter ended 31.12.2015.pdf]
[www.vrlgroup.in/investor_download/VRL Logistics Limited Share holding pattern sep 30th 2015.pdf]
[www.vrlgroup.in/investor_download/VRL Logistics Limited Share holding pattern jun 30th 2015.pdf]
[www.vrlgroup.in/investor_download/Share Holding Pattern.pdf]
[www.vrlgroup.in/vrl_investors_deskb150.html]
[www.vrlgroup.in/investor_download/Investor_Meeting_on_08_08_2023_audio.mp3]
[www.vrlgroup.in/investor_download/Investor_Meeting_on_08_08_2023_Transcript.pdf]
[www.vrlgroup.in/investor_download/Investor_Meeting_on_22_05_2023_audio.mp3]
[www.vrlgroup.in/investor_download/Investor_Meeting_on_22_05_2023_transcript.pdf]
[www.vrlgroup.in/investor_download/Investor_Meeting_on_31_01_2023_audio.mp3]
[www.vrlgroup.in/investor_download/Investor_Meeting_on_31_01_2023_transcript.pdf]
[www.vrlgroup.in/investor_download/Investor_Meeting_on_11_11_2022_audio.mp3]
[www.vrlgroup.in/investor_download/Investor_Meeting_on_11_11_2022_transcript.pdf]
[www.vrlgroup.in/investor_download/investor_call_11_08_2022.mp3]
[www.vrlgroup.in/investor_download/investor_transcript_11_08_2022.pdf]
[www.vrlgroup.in/investor_download/investor_call_28_05_2022.mp3]
[www.vrlgroup.in/investor_download/investor_transcript_28_05_2022.pdf]
[www.vrlgroup.in/vrl_investors_deske81c.html]
[www.vrlgroup.in/investor_download/STATEMENT_OF_SHAREHOLDRS_WHOSE_UNCLAIMED_AND_UNPAID_DIVIDEND_DUE_TO_TRANSFER_TO_IEPF_AC.pdf]
[www.vrlgroup.in/investor_download/LIST_OF_SHAREHOLDRS_WHOSE_SHARES_DUE_TO_TRANSFER_TO_IEPF_ON_20.03.2023.pdf]
[www.vrlgroup.in/investor_download/Statement_of_unclaimed_Interim_Dividend_declared_2021-22.pdf]
[www.vrlgroup.in/investor_download/Unclaimed_Dividend_2022.pdf]
[www.vrlgroup.in/investor_download/Unclaimed_Dividend_2021.pdf]
[www.vrlgroup.in/investor_download/Unclaimed_Dividend_2020.pdf]
[www.vrlgroup.in/vrl_investors_desk72c8.html]
[www.vrlgroup.in/investor_download/Annual_Return_2022_23a045.pdf]
[www.vrlgroup.in/investor_download/Annual_Return_2021_22a045.pdf]
[www.vrlgroup.in/investor_download/Date_Wise_Movement_FY 2021-22a045.pdf]
[www.vrlgroup.in/investor_download/Annual_Return_2020_21a045.pdf]
[www.vrlgroup.in/investor_download/Date_Wise_Movement_FY 2020-21a045.pdf]
[www.vrlgroup.in/investor_download/Annual_Return_2019_20a045.pdf]
[www.vrlgroup.in/vrl_investors_deskd02a.html]
[www.vrlgroup.in/investor_download/Outcome_of_the_40th_Annual_General_Meeting_Voting_Results_and_Scrutinizers_Report.pdf]
[www.vrlgroup.in/investor_download/40th_AGM_Notice.pdf]
[www.vrlgroup.in/investor_download/Postal_Ballots_Voting_Results.pdf]
[www.vrlgroup.in/investor_download/Postal_Ballot_Notice_and_Form_dated_24_September_2022.pdf]
[www.vrlgroup.in/investor_download/2022_23_AGM_OUTCOME.pdf]
[www.vrlgroup.in/vrl_investors_desk001e.html]
[www.vrlgroup.in/investor_download/Q1_2021_22_party_transaction.pdf]
[www.vrlgroup.in/investor_download/reocord_date_dividend_q1_2021_22.pdf]
[www.vrlgroup.in/investor_download/Q1_2021_22-board_meeting_intimation.pdf]
[www.vrlgroup.in/investor_download/Q1_2021_22_AnnualSecretarialCompliance.pdf]
[www.vrlgroup.in/investor_download/Q4_2020_21-conf_call_21_06_2021.pdf]
[www.vrlgroup.in/investor_download/Q4_2020_21-conf_call_18_06_2021.pdf]
[www.vrlgroup.in/investor_download/Q3_2018_19_Investors grievance report.pdf]
[www.vrlgroup.in/investor_download/Q3_2018_19_Corporate Governance report.pdf]
[www.vrlgroup.in/investor_download/Q2_2018_19_revision_in_record_date.pdf]
[www.vrlgroup.in/investor_download/Q2_2018_19_declaration_of_dividend.pdf]
[www.vrlgroup.in/investor_download/Q2_2018_19_appointment_of_director.pdf]
[www.vrlgroup.in/investor_download/Q2_2018_19_regulation_49_9.pdf]
[www.vrlgroup.in/investor_download/Q2_2018_19_trading_window.pdf]
[www.vrlgroup.in/investor_download/Q2_2018_19 - Reconciliation of Share Capital Audit Report.pdf]
[www.vrlgroup.in/investor_download/Q2_2018_19_ComplianceCertificate.pdf]
[www.vrlgroup.in/investor_download/Q2_2018_19_Investors grievance report.pdf]
[www.vrlgroup.in/investor_download/Q2_2018_19_Corporate Governance report.pdf]
[www.vrlgroup.in/investor_download/Q1_2018_19 - AGM Advertisement.pdf]
[www.vrlgroup.in/investor_download/Q1_2018_19_trading_window.pdf]
[www.vrlgroup.in/investor_download/Q1_2018_19_Investors grievance report.pdf]
[www.vrlgroup.in/investor_download/Q1_2018_19 - Reconciliation of Share Capital Audit Report.pdf]
[www.vrlgroup.in/investor_download/Q1_2018_19_Corporate Governance report.pdf]
[www.vrlgroup.in/investor_download/Q4_2017_18_Revision in Rating.pdf]
[www.vrlgroup.in/investor_download/Q4_2017_18_trading_window.pdf]
[www.vrlgroup.in/investor_download/Q4_2017_18 - Reconciliation of Share Capital Audit Report.pdf]
[www.vrlgroup.in/investor_download/Q4_2017_18-ComplianceCertificate.pdf]
[www.vrlgroup.in/investor_download/Q4_2017_18_Investors grievance report.pdf]
[www.vrlgroup.in/investor_download/Q4_2017_18_Corporate Governance report.pdf]
[www.vrlgroup.in/investor_download/Q3_2017_18_truck_purchase.pdf]
[www.vrlgroup.in/investor_download/Q3_2017_18_trading_window.pdf]
[www.vrlgroup.in/investor_download/Q3_2017_18_Corporate Governance report.pdf]
[www.vrlgroup.in/investor_download/Q3_2017_18-Investor Complaints.pdf]
[www.vrlgroup.in/investor_download/2017_18_Q3_Clarification_news_item.pdf]
[www.vrlgroup.in/investor_download/Q2_2017_18_Intimation of BuyBack.pdf]
[www.vrlgroup.in/investor_download/Q2_2017_18 - Reconciliation of Share Capital Audit Report.pdf]
[www.vrlgroup.in/investor_download/Q2_2017_18_Corporate Governance report.pdf]
[www.vrlgroup.in/investor_download/Q2_2017_18-Investor Complaints.pdf]
[www.vrlgroup.in/investor_download/Q1_2017_18_ChangeinDirector.pdf]
[www.vrlgroup.in/investor_download/Q1_2017_18 - AGM Advertisement.pdf]
[www.vrlgroup.in/investor_download/Q1_2017_18 - Reconciliation of Share Capital Audit Report.pdf]
[www.vrlgroup.in/investor_download/Q1_2017_18_Corporate Governance report.pdf]
[www.vrlgroup.in/investor_download/Q1_2017_18-Investor Complaints.pdf]
[www.vrlgroup.in/investor_download/Q4_2016_17_ChangeinDirector.pdf]
[www.vrlgroup.in/investor_download/Q4_2016_17_Resignation.pdf]
[www.vrlgroup.in/investor_download/Q4_2016_17_Intimation.pdf]
[www.vrlgroup.in/investor_download/Q4_2016_17 - Reconciliation of Share Capital Audit Report.pdf]
[www.vrlgroup.in/investor_download/Q4_2016_17-Certificate under Regulation 40(10).pdf]
[www.vrlgroup.in/investor_download/Q4_2016_17_Corporate Governance report.pdf]
[www.vrlgroup.in/investor_download/Q4_2016_17-Investor Complaints.pdf]
[www.vrlgroup.in/investor_download/Q4_2016_17-ComplianceCertificate.pdf]
[www.vrlgroup.in/investor_download/Q3_2016_17_Declarationofdividend.pdf]
[www.vrlgroup.in/investor_download/Q2_2016_17_Certificate Reg40.pdf]
[www.vrlgroup.in/investor_download/Q2_2016_17 - Reconciliation of Share Capital Audit Report.pdf]
[www.vrlgroup.in/investor_download/Q2_2016_17_BM Trading window closure Intimation.pdf]
[www.vrlgroup.in/investor_download/Q2_2016_17_Compliance certificate under Reg7.pdf]
[www.vrlgroup.in/investor_download/Q2_2016_17_Corporate Governance report.pdf]
[www.vrlgroup.in/investor_download/Q2_2016_17_Investors grievance report.pdf]
[www.vrlgroup.in/investor_download/Q2_2016_17_Revision in Rating.pdf]
[www.vrlgroup.in/investor_download/2016_17_q2_analyst_institute_meeting_2.pdf]
[www.vrlgroup.in/investor_download/2016_17_q2_analyst_institute_meeting_1.pdf]
[www.vrlgroup.in/investor_download/Q1_2016_17_board_meeting_notice.pdf]
[www.vrlgroup.in/investor_download/Q1_2016_17_VRLLogisticsLimitedChangeinAuditors.pdf]
[www.vrlgroup.in/investor_download/Q1_2016_17 - Reconciliation of Share Capital Audit Report.pdf]
[www.vrlgroup.in/investor_download/Q1_2016_17_Compliance Report on Corporate Governance.pdf]
[www.vrlgroup.in/investor_download/Q1_2016_17_Investor Grievance Report.pdf]
[www.vrlgroup.in/investor_download/Disclosure under Regulation30_2015_05_23.pdf]
[www.vrlgroup.in/investor_download/Disclosure under Reg 30 of SEBI (LODR) Regulations 2015.pdf]
[www.vrlgroup.in/investor_download/VRlLogisticsLimitedIntimationofTradingPlan_MAY_2016.pdf]
[www.vrlgroup.in/investor_download/Analyst Call_02_05_2016.pdf]
[www.vrlgroup.in/investor_download/Q4_2015_16 - Compliance Reporton Corporate Governance.pdf]
[www.vrlgroup.in/investor_download/Q4_2015_16 - Certificate under Reg 40 (9) of LODR Regulations 2015.pdf]
[www.vrlgroup.in/investor_download/Q4_2015_16 - Reconciliation of Share Capital Audit Report.pdf]
[www.vrlgroup.in/investor_download/Declaration of Dividend_dec_2015.pdf]
[www.vrlgroup.in/investor_download/VRL Logistics limited Compliance report on corporate governance.pdf]
[www.vrlgroup.in/investor_download/VRL Logistics Limited - Reconciliation of Share Capital Audit report.pdf]
[www.vrlgroup.in/investor_download/VRL Logistics Limited - Statements of Investor Complaints (Reg 13(3)).pdf]
[www.vrlgroup.in/investor_download/VRLLogisticsLimited-DisclosureunderRegulation30ofSEBILODRREG.pdf]
[www.vrlgroup.in/investor_download/Disclosure under clause 30 of LODR Regulation.pdf]
[www.vrlgroup.in/vrl_investors_desk4320.html]
[www.vrlgroup.in/investor_download/Certificate_of_Extinguishment_of_Equity_Shares_of_the_Company_buyback2023.pdf]
[www.vrlgroup.in/investor_download/Extinguishment_of_Equity_Shares_buyback_2023.pdf]
[www.vrlgroup.in/investor_download/Post_Buyback_Advertisement_2023.pdf]
[www.vrlgroup.in/investor_download/Advertisement_of_Opening_of_Buyback_Offer_VRL_Logistics_Ltd_2023.pdf]
[www.vrlgroup.in/investor_download/VRL_Buyback_2023_Tender_Forms_Physical.pdf]
[www.vrlgroup.in/investor_download/VRL_Buyback_2023_Tender_Forms_Demat.pdf]
[www.vrlgroup.in/investor_download/VRL_Forms_SH4_2023.pdf]
[www.vrlgroup.in/investor_download/Letter_of_Offer_for_Buyback_of_Equity_shares_2023.pdf]
[www.vrlgroup.in/vrl_investors_desk7e9a.html]
[www.vrlgroup.in/vrl_investors_desk21ed.html]
[www.vrlgroup.in/vrl_investors_desk628b.html]
[www.vrlgroup.in/vrl_investors_deskf47e.html]
[www.vrlgroup.in/vrl_investors_desk4ea6.html]
[www.vrlgroup.in/vrl_investors_desk1c78.html]
[www.vrlgroup.in/VAT Forms_files/filelist.html]
[www.vrlgroup.in/VAT Forms_files/sheet001.html]
[www.vrlgroup.in/VAT Forms_files/tabstrip.html]
[www.vrlgroup.in/investor_download/Board diversity policy.html]
[www.vrlgroup.in/investor_download/2016_17_AGM_NOTICE.pdf]
[www.vrlgroup.in/investor_download/VRL Logistics Limited - Gist of Proceedings and Voting Results 32 AGM.pdf]
[www.vrlgroup.in/investor_download/Q3_2017_18_POSTAL_BALLOT_NOTICE_FORM.pdf]
[www.vrlgroup.in/investor_download/2017_18_OUTCOME_DEC.pdf]
[www.vrlgroup.in/investor_download/32nd AGM Notice, Attendance slip & Proxy form.pdf]
[www.vrlgroup.in/investor_download/Instructions Kit.doc]
[www.vrlgroup.in/investor_download/Analyst_Investor_Meet_22th_August_2023.pdf]
[www.vrlgroup.in/investor_download/Analyst_Investor_Meet_17th_August_2023.pdf]
[www.vrlgroup.in/investor_download/Appointment_of_Mr_Shantilal_Jain_an_Independent_Director.pdf]
[www.vrlgroup.in/investor_download/Analyst_Investor_Meet_10th_August_2023.pdf]
[www.vrlgroup.in/investor_download/Analyst_Investors_Meet_8th_August_2023.pdf]
[www.vrlgroup.in/investor_download/2023_24_Q1_Board_Meeting_Intimation.pdf]
[www.vrlgroup.in/investor_download/Sale_of_Passengers_Transportation_by_Air_Undertaking.pdf]
[www.vrlgroup.in/investor_download/Analyst_Investor_Meet_17th_July_2023.pdf]
[www.vrlgroup.in/investor_download/2023_24_Q1_Investors_Grievances_Report.pdf]
[www.vrlgroup.in/investor_download/Business_Responsibility_and_Sustainability_Report.pdf]
[www.vrlgroup.in/investor_download/Corporate_Action_Intimation_of_Buy_back_and_Record_Date_11_07_2023.pdf]
[www.vrlgroup.in/investor_download/Closure_of_Trading_window.pdf]
[www.vrlgroup.in/investor_download/Postponement_of_Investors_Meet.pdf]
[www.vrlgroup.in/investor_download/Analyst_Investor_Meet_30th_June_2023.pdf]
[www.vrlgroup.in/investor_download/Analyst_Investor_Meet_13th_June_2023.pdf]
[www.vrlgroup.in/investor_download/Analyst_Investor_Meet_09th_June_2023.pdf]
[www.vrlgroup.in/investor_download/Analyst_Investor_Meet_26_May_2023.pdf]
[www.vrlgroup.in/investor_download/Annual_Secretarial_Compliance_Report_2023.pdf]
[www.vrlgroup.in/investor_download/Analyst_Investor_Meet_25_May_2023.pdf]
[www.vrlgroup.in/investor_download/Analyst_Investor_Meet_24_May_2023.pdf]
[www.vrlgroup.in/investor_download/Submission_of_Related_Party_Transactions_for_the_year_ended_31st March_2023.pdf]
[www.vrlgroup.in/investor_download/Analyst_Investor_Meet_22nd_May_2023.pdf]
[www.vrlgroup.in/investor_download/Board_Meeting_Intimation_to_consider_recommendation_of_Final_Dividend_FY2022_23.pdf]
[www.vrlgroup.in/investor_download/2022_23_Q4_Board_Meeting_Intimation.pdf]
[www.vrlgroup.in/investor_download/Certificate_from_Practicing_Company_Secretary_under_Reg_40_9_SEBI_LODR_Regulations_for_FY_2022_23.pdf]
[www.vrlgroup.in/investor_download/Compliance_Certificate_under_Reg_7__3__for_FY_2022_23.pdf]
[www.vrlgroup.in/investor_download/2022_23_Q4_Reconciliation_of_Share_Capital_Audit_Report.pdf]
[www.vrlgroup.in/investor_download/2022_23_Q4_Investors_Grievances_Report.pdf]
[www.vrlgroup.in/investor_download/Revision_in_capacity_addition_15_04_2023.pdf]
[www.vrlgroup.in/investor_download/Disclosure_Under_Clause_30_of_SEBI_LODR_ Regulations_2015_Capacity_Addition_Purchase_of_Trucks.pdf]
[www.vrlgroup.in/investor_download/Analyst_Investor_Call_09th_February_2023.pdf]
[www.vrlgroup.in/investor_download/Analyst_Investor_Call_06th_February_2023.pdf]
[www.vrlgroup.in/investor_download/Analyst_Investor_Call_30th_January_2023.pdf]
[www.vrlgroup.in/investor_download/Corporate_Action_Intimation_of_Buy_back_and_Record_Date.pdf]
[www.vrlgroup.in/investor_download/2022_23_Q3_Board_Meeting_Intimation.pdf]
[www.vrlgroup.in/investor_download/2022_23_Q3_Investor_Grievance_Report.pdf]
[www.vrlgroup.in/investor_download/2022_23_Q3_Reconciliation_of_Share_Capital_Audit_Report.pdf]
[www.vrlgroup.in/investor_download/2022_23_Q3_System_Driven_Disclosure_Compliance_Certificate.pdf]
[www.vrlgroup.in/investor_download/Trading_Window_closure.pdf]
[www.vrlgroup.in/investor_download/Analyst_Conference_call_08_12_2022.pdf]
[www.vrlgroup.in/investor_download/Intimation_to_Shareholders_08_12_2022.pdf]
[www.vrlgroup.in/investor_download/Upgradation_of_Credit_Rating_6_12_2022.pdf]
[www.vrlgroup.in/investor_download/Analyst_Investor_Call_11_November_2022.pdf]
[www.vrlgroup.in/investor_download/2022-23_Q2_Board_Meeting_Intimation.pdf]
[www.vrlgroup.in/investor_download/System_Driven_Disclosure_Compliance_Certificate_for_the_quarter_ended_30th_Sept_2022.pdf]
[www.vrlgroup.in/investor_download/2022-23_Q2_Invest_or_Grievance_Report.pdf]
[www.vrlgroup.in/investor_download/2022-23_Q2_Reconciliation_of_Share_Capital_Audit_Report.pdf]
[www.vrlgroup.in/investor_download/DisclosureofSaleofundertaking15-Sep-2022Final.pdf]
[www.vrlgroup.in/investor_download/Analyst_Investor_Meet_8-September-2022.pdf]
[www.vrlgroup.in/investor_download/Analyst_Investor_Meet_5&6-September-2022.pdf]
[www.vrlgroup.in/investor_download/Analyst_Investor_Conference_Call_26-August-2022.pdf]
[www.vrlgroup.in/investor_download/Analyst_Investor_Meet_19-August-2022.pdf]
[www.vrlgroup.in/investor_download/Analyst_Investor_Meet_18-August-2022.pdf]
[www.vrlgroup.in/investor_download/Analyst_Investor_Meet_17_August_2022.pdf]
[www.vrlgroup.in/investor_download/SDD_Compliance_Certificate_for_Quarter_ended_June_30_2022_08_09.pdf]
[www.vrlgroup.in/investor_download/Analyst_Investor_Call_11_Aug_2022.pdf]
[www.vrlgroup.in/investor_download/2022-23_Q1_Reconciliation_of_Share_Capital_Audit_Report.pdf]
[www.vrlgroup.in/investor_download/2022-23_Q1_Invest_or_Grievance_Report.pdf]
[www.vrlgroup.in/investor_download/Q1_2022_23_AnnualSecretarialCompliance.pdf]
[www.vrlgroup.in/investor_download/Q1_2022_23_trading_window.pdf]
[www.vrlgroup.in/investor_download/Q1_2022_23-board_meeting_intimation.pdf]
[www.vrlgroup.in/investor_download/Q1_2022_23-conf_call_21_06_2022.pdf]
[www.vrlgroup.in/investor_download/Q1_2022_23-conf_call_17_06_2022.pdf]
[www.vrlgroup.in/investor_download/Q4_2021_22-board_meeting_intimation.pdf]
[www.vrlgroup.in/investor_download/Q4_2021_22_disclosure_30_1.pdf]
[www.vrlgroup.in/investor_download/Q4_2021_22_disclosure_31_4_2.pdf]
[www.vrlgroup.in/investor_download/Q4_2021_22_Investors grievance report.pdf]
[www.vrlgroup.in/investor_download/Q4_2021_22_lodr_40_9_1.pdf]
[www.vrlgroup.in/investor_download/Q4_2021_22_compliance_7_3_1.pdf]
[www.vrlgroup.in/investor_download/Q4_2021_22 - Reconciliation of Share Capital Audit Report.pdf]
[www.vrlgroup.in/investor_download/Q4_2021_22_disclosure_31_4_1.pdf]
[www.vrlgroup.in/investor_download/Q4_2021_22_trading_window.pdf]
[www.vrlgroup.in/investor_download/Q4_2021_22-conf_call_30_03_2022.pdf]
[www.vrlgroup.in/investor_download/Q4_2021_22_disclosure_30_6_1.pdf]
[www.vrlgroup.in/investor_download/Q2_2021_22-conf_call_02_02_2022.pdf]
[www.vrlgroup.in/investor_download/Q2_2021_22-conf_call_31_01_2022.pdf]
[www.vrlgroup.in/investor_download/Q3_2021_22-board_meeting_intimation.pdf]
[www.vrlgroup.in/investor_download/Q3_2021_22_Investors grievance report.pdf]
[www.vrlgroup.in/investor_download/Q3_2021_22 - Reconciliation of Share Capital Audit Report.pdf]
[www.vrlgroup.in/investor_download/Q3_2021_22_trading_window.pdf]
[www.vrlgroup.in/investor_download/Q2_2021_22-conf_call_17_11_2021.pdf]
[www.vrlgroup.in/investor_download/2021_22_q2.pdf]
[www.vrlgroup.in/investor_download/Q2_2021_22-conf_call_02_11_2021.pdf]
[www.vrlgroup.in/investor_download/Q2_2021_22-board_meeting_intimation.pdf]
[www.vrlgroup.in/investor_download/Q2_2021_22_Investors grievance report.pdf]
[www.vrlgroup.in/investor_download/Q2_2021_22 - Reconciliation of Share Capital Audit Report.pdf]
[www.vrlgroup.in/investor_download/Q1_2021_22-conf_call_12_10_2021.pdf]
[www.vrlgroup.in/investor_download/Q2_2021_22_trading_window.pdf]
[www.vrlgroup.in/investor_download/Q4_2015_16 - Compliance Certificate undre Reg 7 (3) of LODR.html]
[www.vrlgroup.in/investor_download/Q4_2015_16 - Investor Grience Report.html]
[www.vrlgroup.in/investor_download/Post_Buyback_Advertisement_2023.pdf]
[www.vrlgroup.in/investor_download/Advertisement_of_Opening_of_Buyback_Offer_VRL_Logistics_Ltd_2023.pdf]
[www.vrlgroup.in/investor_download/Letter_of_Offer_for_Buyback_of_Equity_shares_2023.pdf]
[www.vrlgroup.in/investor_download/Draft_Letter_of_Offer_for_Buyback_of_Equity_shares_2023.pdf]
[www.vrlgroup.in/investor_download/Public_Announcement_for_Buy-back_of_Equity_shares_of_the_Company.pdf]
[www.vrlgroup.in/investor_download/VRL Logistics Limited - Press Release_2015_1.pdf]
[www.vrlgroup.in/investor_download/Newspaper_advertisement_of_2023_24_Q1_Financial_Results.pdf]
[www.vrlgroup.in/investor_download/Newspaper_Advertisement_of_40th_Annual_General_Meeting_Notice.pdf]
[www.vrlgroup.in/investor_download/Newspaper_Advertisement_Financial_Results_Q4_FY2022_23.pdf]
[www.vrlgroup.in/investor_download/Newspaper_Advertisement_Financial_Results_Q3_FY2022_23.pdf]
[www.vrlgroup.in/investor_download/Newspaper_Advertisement_08_12_2022.pdf]
[www.vrlgroup.in/investor_download/Q2_2022_23-result.pdf]
[www.vrlgroup.in/investor_download/Newspaper_Advertisement_Postal_Ballot.pdf]
[www.vrlgroup.in/investor_download/Q1_2022_23-result.pdf]
[www.vrlgroup.in/investor_download/Q1_20221_23-board_meeting_advertisment.pdf]
[www.vrlgroup.in/investor_download/Q4_2021_22-result.pdf]
[www.vrlgroup.in/investor_download/Q3_2021_22-result.pdf]
[www.vrlgroup.in/investor_download/Q2_2021_22-result.pdf]
[www.vrlgroup.in/investor_download/Q1_2021_22-result.pdf]
[www.vrlgroup.in/investor_download/Q1_2021_22-board_meeting_advertisment.pdf]
[www.vrlgroup.in/investor_download/Q4_2020_21-result.pdf]
[www.vrlgroup.in/investor_download/Q4_2020_21-board_meeting_advertisment.pdf]
[www.vrlgroup.in/investor_download/Q3_2020_21-result.pdf]
[www.vrlgroup.in/investor_download/Q3_2020_21-board_meeting_advertisment.pdf]
[www.vrlgroup.in/investor_download/Q2_2020_21-result.pdf]
[www.vrlgroup.in/investor_download/Q2_2020_21-board_meeting_advertisment.pdf]
[www.vrlgroup.in/investor_download/Q1_2020_21-result.pdf]
[www.vrlgroup.in/investor_download/Q1_2020_20-board_meeting_advertisment.pdf]
[www.vrlgroup.in/investor_download/2020_21_ad_Agm_notice.pdf]
[www.vrlgroup.in/investor_download/Summary of CSR Annual Project Plan-2023-24.pdf]
[www.vrlgroup.in/investor_download/Summary of CSR Annual Project Plan-2022-23.pdf]
[www.vrlgroup.in/investor_download/Summary of CSR Annual Project Plan-2021-22.pdf]
[www.vrlgroup.in/investor_download/Annual_Return_2019_20a045.pdf]
[www.vrlgroup.in/investor_download/Outcome_of_the_40th_Annual_General_Meeting_Voting_Results_and_Scrutinizers_Report.pdf]
[www.vrlgroup.in/investor_download/Postal_Ballots_Voting_Results.pdf]
[www.vrlgroup.in/investor_download/2022_23_AGM_OUTCOME.pdf]
[www.vrlgroup.in/investor_download/2022_21_AGM_NOTICE.pdf]
[www.vrlgroup.in/investor_download/2021_22_AGM_OUTCOME.pdf]
[www.vrlgroup.in/investor_download/2021_22_AGM_NOTICE.pdf]
[www.vrlgroup.in/investor_download/2020_21_AGM_OUTCOME.pdf]
[www.vrlgroup.in/investor_download/2020_21_AGM_NOTICE.pdf]
[www.vrlgroup.in/investor_download/2019_20_q3_Boarding_metting_outcome.pdf]
[www.vrlgroup.in/investor_download/2019_20_AGM_VOTING_RESULT.pdf]
[www.vrlgroup.in/investor_download/2019_20_AGM_NOTICE.pdf]
[www.vrlgroup.in/investor_download/2018_19_AGM_OUTCOME.pdf]
[www.vrlgroup.in/investor_download/2018_19_AGM_VOTING_RESULT.pdf]
[www.vrlgroup.in/investor_download/2018_19_AGM_NOTICE.pdf]
[www.vrlgroup.in/investor_download/Q3_2017_18_voting_results.pdf]
[www.vrlgroup.in/investor_download/2017_18_AGM_OUTCOME.pdf]
[www.vrlgroup.in/investor_download/2017_18_AGM_VOTING_RESULT.pdf]
[www.vrlgroup.in/investor_download/2017_18_E_VOTING_INSTRUCTION.pdf]
[www.vrlgroup.in/investor_download/2017_18_AGM_NOTICE.pdf]
[www.vrlgroup.in/investor_download/2016_17_AGM_OUTCOME.pdf]
[www.vrlgroup.in/investor_download/2016_17_AGM_VOTING_RESULT.pdf]
[www.vrlgroup.in/investor_download/Trading_Window_closure_01_03_2023.pdf]
[www.vrlgroup.in/investor_download/2021_22_q2.pdf]
[www.vrlgroup.in/investor_download/Q2_2021_22 - Reconciliation of Share Capital Audit Report.pdf]
[www.vrlgroup.in/investor_download/Q1_2021_22-conf_call_12_10_2021.pdf]
[www.vrlgroup.in/investor_download/Q2_2021_22_trading_window.pdf]
[www.vrlgroup.in/investor_download/Q1_2021_22_Revision in Rating.pdf]
[www.vrlgroup.in/investor_download/Q1_2021_22-conf_call_29_09_2021.pdf]
[www.vrlgroup.in/investor_download/Q1_2021_22-conf_call_23_09_2021.pdf]
[www.vrlgroup.in/investor_download/ClarificationtoStockExchange23092021.pdf]
[www.vrlgroup.in/investor_download/Q1_2021_22-conf_call_22_09_2021.pdf]
[www.vrlgroup.in/investor_download/Q1_2021_22-conf_call_17_09_2021.pdf]
[www.vrlgroup.in/investor_download/Q1_2021_22-conf_call_15_09_2021.pdf]
[www.vrlgroup.in/investor_download/Q1_2021_22-conf_call_04_09_2021.pdf]
[www.vrlgroup.in/investor_download/Q1_2021_22-conf_call_02_09_2021.pdf]
[www.vrlgroup.in/investor_download/2021_22_q1.pdf]
[www.vrlgroup.in/investor_download/Q1_2021_22-conf_call_09_08_2021.pdf]
[www.vrlgroup.in/investor_download/Q1_2021_22-conf_call_15_07_2021.pdf]
[www.vrlgroup.in/investor_download/Q1_2021_22-conf_call_09_07_2021.pdf]
[www.vrlgroup.in/investor_download/Q1_2021_22_Investors grievance report.pdf]
[www.vrlgroup.in/investor_download/Q1_2021_22 - Reconciliation of Share Capital Audit Report.pdf]
[www.vrlgroup.in/investor_download/Q1_2021_22_party_transaction.pdf]
[www.vrlgroup.in/investor_download/Q1_2021_22_AnnualSecretarialCompliance.pdf]
[www.vrlgroup.in/investor_download/Q4_2020_21-conf_call_21_06_2021.pdf]
[www.vrlgroup.in/investor_download/Q4_2020_21-conf_call_18_06_2021.pdf]
[www.vrlgroup.in/investor_download/Q4_2020_21-conf_call_16_06_2021.pdf]
[www.vrlgroup.in/investor_download/Q4_2020_21-conf_call_15_06_2021.pdf]
[www.vrlgroup.in/investor_download/Q4_2020_21-conf_call.pdf]
[www.vrlgroup.in/investor_download/Q4_2020_21-board_meeting_intimation.pdf]
[www.vrlgroup.in/investor_download/Q4_2020_21 - Reconciliation of Share Capital Audit Report.pdf]
[www.vrlgroup.in/investor_download/Q4_2020_21_Compliance certificate under Reg7.pdf]
[www.vrlgroup.in/investor_download/Q4_2020_21_regulation_49_9.pdf]
[www.vrlgroup.in/investor_download/2020_21_q3_board.pdf]
[www.vrlgroup.in/investor_download/Q3_2020_21-board_meeting_intimation.pdf]
[www.vrlgroup.in/investor_download/Q3_2020_21_trading_window.pdf]
[www.vrlgroup.in/investor_download/Q3_2020_21_Investors grievance report.pdf]
[www.vrlgroup.in/investor_download/Q3_2020_21 - Reconciliation of Share Capital Audit Report.pdf]
[www.vrlgroup.in/investor_download/Q2_2020_21_party_transaction.pdf]
[www.vrlgroup.in/investor_download/Q2_2020_21_regulation_49_9.pdf]
[www.vrlgroup.in/investor_download/Q2_2020_21_Compliance certificate under Reg7.pdf]
[www.vrlgroup.in/investor_download/Q2_2019_20-conf_call.pdf]
[www.vrlgroup.in/investor_download/Q2_2020_21_Investors grievance report.pdf]
[www.vrlgroup.in/investor_download/Q2_2020_21 - Reconciliation of Share Capital Audit Report.pdf]
[www.vrlgroup.in/investor_download/2020_21_q2_board.pdf]
[www.vrlgroup.in/investor_download/Q2_2020_21-board_meeting_intimation.pdf]
[www.vrlgroup.in/investor_download/Q2_2020_21_trading_window.pdf]
[www.vrlgroup.in/investor_download/Q1_2020_21-board_meeting_intimation.pdf]
[www.vrlgroup.in/investor_download/Q1_2020_21 - Reconciliation of Share Capital Audit Report.pdf]
[www.vrlgroup.in/investor_download/Q1_2020_21_Investors grievance report.pdf]
[www.vrlgroup.in/investor_download/Q1_2020_21_party_transaction.pdf]
[www.vrlgroup.in/investor_download/Q1_2020_21_trading_window.pdf]
[www.vrlgroup.in/investor_download/Q1_2020_21_AnnualSecretarialCompliance.pdf]
[www.vrlgroup.in/investor_download/Q4_2019_20-conf_call.pdf]
[www.vrlgroup.in/investor_download/Q4_2019_20-board_meeting_intimation.pdf]
[www.vrlgroup.in/investor_download/Q4_2019_20_declaration_1.pdf]
[www.vrlgroup.in/investor_download/Q4_2019_20_covid_19_impact.pdf]
[www.vrlgroup.in/investor_download/Q4_2019_20_regulation_49_9.pdf]
[www.vrlgroup.in/investor_download/Q4_2019_20_Compliance certificate under Reg7.pdf]
[www.vrlgroup.in/investor_download/Q4_2019_20 - Reconciliation of Share Capital Audit Report.pdf]
[www.vrlgroup.in/investor_download/Q3_2019_20-board_meeting_intimation.pdf]
[www.vrlgroup.in/investor_download/Q2_2019_20-board_meeting_intimation.pdf]
[www.vrlgroup.in/investor_download/Q2_2019_20 - Reconciliation of Share Capital Audit Report.pdf]
[www.vrlgroup.in/investor_download/Q2_2019_20-PCS_ComplianceCertificate.pdf]
[www.vrlgroup.in/investor_download/Q2_2019_20-ComplianceCertificate.pdf]
[www.vrlgroup.in/investor_download/Q2_2019_20_trading_window.pdf]
[www.vrlgroup.in/investor_download/Q2_2019_20_Investors grievance report.pdf]
[www.vrlgroup.in/investor_download/Q2_2019_20_Corporate Governance report.pdf]
[www.vrlgroup.in/investor_download/Q1_2019_20 - Reconciliation of Share Capital Audit Report.pdf]
[www.vrlgroup.in/investor_download/Q1_2019_20_Investors grievance report.pdf]
[www.vrlgroup.in/investor_download/Q1_2019_20 - AGM Advertisement.pdf]
[www.vrlgroup.in/investor_download/Q1_2019_20 - AGM Notice.pdf]
[www.vrlgroup.in/investor_download/Q1_2019_20_AnnualSecretarialCompliance.pdf]
[www.vrlgroup.in/investor_download/Q1_2019_20_Revision in Rating.pdf]
[www.vrlgroup.in/investor_download/Q4_2018_19 - outcome_board_meeting.pdf]
[www.vrlgroup.in/investor_download/Q4_2018_19 - Reconciliation of Share Capital Audit Report.pdf]
[www.vrlgroup.in/investor_download/Q4_2018_19-PCS_ComplianceCertificate.pdf]
[www.vrlgroup.in/investor_download/Q4_2018_19-ComplianceCertificate.pdf]
[www.vrlgroup.in/investor_download/Q4_2018_19_Investors grievance report.pdf]
[www.vrlgroup.in/investor_download/Q4_2018_19_Corporate Governance report.pdf]
[www.vrlgroup.in/investor_download/Q3_2018_19_change_in_director.pdf]
[www.vrlgroup.in/investor_download/Q3_2018_19 - Reconciliation of Share Capital Audit Report.pdf]
[www.vrlgroup.in/investor_download/Q3_2018_19_trading_window.pdf]
[www.vrlgroup.in/investor_download/Certificate_of_Extinguishment_of_Equity_Shares_of_the_Company_buyback2023.pdf]
